// Jest Snapshot v1, https://goo.gl/fbAQLP

exports[`<CourseCard /> should match snapshot 1`] = `
<RNGestureHandlerButton
  activeOpacity={0.105}
  collapsable={false}
  onActiveStateChange={[Function]}
  onGestureEvent={[Function]}
  onGestureHandlerEvent={[Function]}
  onGestureHandlerStateChange={[Function]}
  onHandlerStateChange={[Function]}
  style={
    Object {
      "backgroundColor": "#0B0B0B",
      "borderRadius": 18,
      "height": 263,
      "justifyContent": "center",
      "minWidth": 271,
      "paddingBottom": 47,
      "paddingLeft": 47,
      "paddingRight": 47,
      "paddingTop": 47,
    }
  }
  testID="courseCard"
  underlayColor="black"
>
  <View
    style={
      Object {
        "backgroundColor": "black",
        "borderBottomLeftRadius": undefined,
        "borderBottomRightRadius": undefined,
        "borderRadius": 18,
        "borderTopLeftRadius": undefined,
        "borderTopRightRadius": undefined,
        "bottom": 0,
        "left": 0,
        "opacity": 0,
        "position": "absolute",
        "right": 0,
        "top": 0,
      }
    }
  />
  <View
    style={
      Array [
        Object {
          "alignItems": "center",
          "backgroundColor": "#343434",
          "borderRadius": 12,
          "height": 75,
          "justifyContent": "center",
          "width": 75,
        },
      ]
    }
    testID="wrapperIcon"
  >
    <SvgMock />
  </View>
  <Text
    style={
      Array [
        Object {
          "color": "#F6F6FA",
          "fontFamily": "Epilogue_600SemiBold",
          "fontSize": 16,
          "marginTop": 8,
        },
      ]
    }
    testID="titleCourse"
  >
    Figma
  </Text>
  <View
    style={
      Array [
        Object {
          "flexDirection": "row",
        },
      ]
    }
  >
    <Text
      style={
        Array [
          Object {
            "color": "#F6F6FA",
            "fontFamily": "Epilogue_400Regular",
            "fontSize": 14,
            "marginTop": 4,
            "opacity": 0.7,
          },
        ]
      }
      testID="detailsCourse"
    >
      7 aulas
       - 
      4h
    </Text>
  </View>
</RNGestureHandlerButton>
`;
